current directory: /Users/sarahli/Desktop/PhD-Projects/GitRepo/qpl2026.github.io/vendor/bundle/ruby/3.3.0/gems/json-2.13.2/ext/json/ext/parser
/opt/homebrew/opt/ruby@3.3/bin/ruby extconf.rb
checking for rb_enc_interned_str() in ruby/encoding.h... yes
checking for rb_hash_new_capa() in ruby.h... yes
checking for rb_hash_bulk_insert() in ruby.h... yes
checking for strnlen() in string.h... yes
checking for whether -std=c99 is accepted as CFLAGS... yes
checking for arm_neon.h... yes
checking for cpuid.h... no
creating Makefile

current directory: /Users/sarahli/Desktop/PhD-Projects/GitRepo/qpl2026.github.io/vendor/bundle/ruby/3.3.0/gems/json-2.13.2/ext/json/ext/parser
make -j12 DESTDIR\= sitearchdir\=./.gem.20260812-44168-2fy4hk sitelibdir\=./.gem.20260812-44168-2fy4hk clean

current directory: /Users/sarahli/Desktop/PhD-Projects/GitRepo/qpl2026.github.io/vendor/bundle/ruby/3.3.0/gems/json-2.13.2/ext/json/ext/parser
make -j12 DESTDIR\= sitearchdir\=./.gem.20260812-44168-2fy4hk sitelibdir\=./.gem.20260812-44168-2fy4hk
compiling parser.c
linking shared-object json/ext/parser.bundle

current directory: /Users/sarahli/Desktop/PhD-Projects/GitRepo/qpl2026.github.io/vendor/bundle/ruby/3.3.0/gems/json-2.13.2/ext/json/ext/parser
make -j12 DESTDIR\= sitearchdir\=./.gem.20260812-44168-2fy4hk sitelibdir\=./.gem.20260812-44168-2fy4hk install
/usr/bin/install -c -m 0755 parser.bundle ./.gem.20260812-44168-2fy4hk/json/ext

current directory: /Users/sarahli/Desktop/PhD-Projects/GitRepo/qpl2026.github.io/vendor/bundle/ruby/3.3.0/gems/json-2.13.2/ext/json/ext/parser
make DESTDIR\= sitearchdir\=./.gem.20260812-44168-2fy4hk sitelibdir\=./.gem.20260812-44168-2fy4hk clean
